[
  {
    "type": 0,
    "data": {}
  },
  {
    "type": 1,
    "data": {}
  },
  {
    "type": 4,
    "data": {
      "href": "about:blank",
      "width": 1920,
      "height": 1080
    }
  },
  {
    "type": 2,
    "data": {
      "node": {
        "type": 0,
        "childNodes": [
          {
            "type": 2,
            "tagName": "html",
            "attributes": {},
            "childNodes": [
              {
                "type": 2,
                "tagName": "head",
                "attributes": {},
                "childNodes": [],
                "id": 3
              },
              {
                "type": 2,
                "tagName": "body",
                "attributes": {},
                "childNodes": [
                  {
                    "type": 3,
                    "textContent": "\n    ",
                    "id": 5
                  },
                  {
                    "type": 2,
                    "tagName": "script",
                    "attributes": {},
                    "childNodes": [
                      {
                        "type": 3,
                        "textContent": "SCRIPT_PLACEHOLDER",
                        "id": 7
                      }
                    ],
                    "id": 6
                  },
                  {
                    "type": 3,
                    "textContent": "\n    \n    \n\n",
                    "id": 8
                  }
                ],
                "id": 4
              }
            ],
            "id": 2
          }
        ],
        "compatMode": "BackCompat",
        "id": 1
      },
      "initialOffset": {
        "left": 0,
        "top": 0
      }
    }
  },
  {
    "type": 3,
    "data": {
      "source": 0,
      "texts": [],
      "attributes": [],
      "removes": [],
      "adds": [
        {
          "parentId": 4,
          "nextId": null,
          "node": {
            "type": 2,
            "tagName": "div",
            "attributes": {},
            "childNodes": [],
            "id": 9,
            "isShadowHost": true
          }
        },
        {
          "parentId": 9,
          "nextId": null,
          "node": {
            "type": 2,
            "tagName": "input",
            "attributes": {},
            "childNodes": [],
            "id": 10,
            "isShadow": true
          }
        }
      ]
    }
  }
]