<!DOCTYPE html PUBLIC "-//W3C//DTD HTML 4.0 Transitional//EN">
<html>
<head>
</head>
<body>
<svg xmlns="http://www.w3.org/2000/svg" version="1.1">
<style>.Icon &gt; span { color: red; }</style>
</svg>
</body>
</html>