{
  "type": 0,
  "childNodes": [
    {
      "type": 2,
      "tagName": "html",
      "attributes": {},
      "childNodes": [
        {
          "type": 2,
          "tagName": "head",
          "attributes": {},
          "childNodes": [],
          "id": 3
        },
        {
          "type": 2,
          "tagName": "body",
          "attributes": {},
          "childNodes": [
            {
              "type": 2,
              "tagName": "svg",
              "attributes": {
                "xmlns": "http://www.w3.org/2000/svg",
                "version": "1.1"
              },
              "childNodes": [
                {
                  "type": 2,
                  "tagName": "style",
                  "attributes": {
                    "_cssText": ".Icon > span { color: red; }"
                  },
                  "childNodes": [
                    {
                      "type": 4,
                      "textContent": "",
                      "id": 7
                    }
                  ],
                  "isSVG": true,
                  "id": 6
                }
              ],
              "isSVG": true,
              "id": 5
            }
          ],
          "id": 4
        }
      ],
      "id": 2
    }
  ],
  "compatMode": "BackCompat",
  "id": 1
}